[2026-07-30 16:36] 🟢 Guter Preis: Skoda Octavia – 6.000 € · 196000 km · EZ 2014-03 · https://www.autoscout24.de/angebote/skoda-octavia-lim-elegance-navi-dab-klima-navi-einparkhilfe-benzin-schwarz-cat_ma65gr15222ge293va289mt644tr3053-3c12b0ab-08ad-4885-bcfa-4da2d05c5570
[2026-07-30 16:36] 🟢 Sehr guter Preis: VW Golf – 6.980 € · 232000 km · EZ 2019-12 · https://www.autoscout24.de/angebote/volkswagen-golf-variant-comfortline-bmt-start-stopp-diesel-grau-cat_ma74gr100101ge7va132mt428tr562-80e007b9-00ff-4d7a-b1a6-21a84f67d2b5
[2026-07-30 16:36] 🟢 Sehr guter Preis: Skoda Octavia – 6.990 € · 200000 km · EZ 2015-06 · https://www.autoscout24.de/angebote/skoda-octavia-combi-2-0-tdi-dsg-elegance-navi-diesel-schwarz-cat_ma65gr15222ge293va287mt658tr3053-a259329e-37cd-4354-b11a-c6df94c982b4
[2026-07-30 16:36] 🟢 Sehr guter Preis: Toyota Auris – 7.990 € · 166670 km · EZ 2016-12 · https://www.autoscout24.de/angebote/toyota-auris-touring-sports-edition-s-benzin-blau-cat_ma70gr201446ge1209va3721mt10213tr2980-497a116c-e428-4d64-b5c0-c22a705ebf86
[2026-07-30 16:36] 🟢 Guter Preis: Seat Leon – 9.850 € · 129997 km · EZ 2017-07 · https://www.autoscout24.de/angebote/seat-leon-sp-1-2-tsi-style-led+navi+shz+gra+pdc-benzin-schwarz-cat_ma64gr15869ge493va406mt846tr454-b2db13f8-69ad-4487-b3d5-d70cfde87458
[2026-07-30 16:36] 🟢 Sehr guter Preis: Kia Ceed – 9.890 € · 136052 km · EZ 2019-06 · https://www.autoscout24.de/angebote/kia-ceed-ceed-sw-1-0-t-gdi-vision-kamera+navi+shz+2xklima-benzin-schwarz-cat_ma39gr200738ge962va3510mt2407tr8327-089777d3-76c3-4dc9-b565-1909103f5e77
[2026-07-30 16:36] 🟢 Sehr guter Preis: Skoda Octavia – 9.899 € · 198521 km · EZ 2016-01 · https://www.autoscout24.de/angebote/skoda-octavia-lim-rs-1hand-memory-acc-diesel-schwarz-cat_ma65gr15222ge293va292mt658tr6510-e3812f70-4562-4d88-843d-57ba11418e8c
[2026-07-30 16:36] 🟢 Sehr guter Preis: VW Golf – 9.899 € · 137658 km · EZ 2019-03 · https://www.autoscout24.de/angebote/volkswagen-golf-vii-variant-join-start-stopp-ahk-mwst-benzin-schwarz-cat_ma74gr100101ge7va132mt412tr480888-d8065e92-f455-476c-a60b-96c24c76a580
[2026-07-30 16:36] 🟢 Guter Preis: Toyota Auris – 9.900 € · 91440 km · EZ 2013-06 · https://www.autoscout24.de/angebote/toyota-auris-start-edition-1-6l-2-jahre-garantie-benzin-silber-cat_ma70gr201446ge1209va3721mt3578tr480838-3529b638-5483-4244-9661-e60b237d038d
[2026-07-30 16:36] 🟢 Guter Preis: VW Golf – 9.900 € · 55000 km · EZ 2016-02 · https://www.autoscout24.de/angebote/volkswagen-golf-vii-lim-trendline-euro-6-55tkm-8-fach-benzin-grau-cat_ma74gr100101ge7va2820mt414tr626-a3c591fd-c4b7-44ef-845c-c7503ea5044d
[2026-07-30 16:36] 🟢 Guter Preis: Seat Leon – 9.990 € · 92000 km · EZ 2017-12 · https://www.autoscout24.de/angebote/seat-leon-st-reference-tuev-neu-klima-2-hand-benzin-weiss-cat_ma64gr15869ge493va404mt846tr447-59d96b19-5219-4b04-84d9-a0d0e073d42b
[2026-07-30 16:36] 🟢 Sehr guter Preis: Honda Civic – 10.900 € · 111140 km · EZ 2019-10 · https://www.autoscout24.de/angebote/honda-civic-lim-5-trg-1-0-elegance-benzin-schwarz-cat_ma31gr200622ge1979va3479mt12739tr3074-76698e3f-d300-4ed6-bb17-2ec084fe0f8d
[2026-07-30 16:36] 🟢 Sehr guter Preis: Kia Ceed – 10.990 € · 157312 km · EZ 2020-09 · https://www.autoscout24.de/angebote/kia-ceed-benzin-grau-cat_ma39gr200738ge962va1316mt2411tr7097-d15a476b-436b-4783-abda-75720a1c5cdf
[2026-07-30 16:36] 🟢 Guter Preis: Toyota Auris – 11.950 € · 100000 km · EZ 2014-01 · https://www.autoscout24.de/angebote/toyota-auris-hybrid-ahk-cam-tempomat-elektro-benzin-silber-cat_ma70gr201446ge1209va2084mt3579tr4934-162cfa0f-4c1f-4371-8882-ccec4508e296
[2026-07-30 16:36] 🟢 Sehr guter Preis: Skoda Octavia – 11.950 € · 166300 km · EZ 2019-07 · https://www.autoscout24.de/angebote/skoda-octavia-c-iii-2-0-soleil-dsg-acc-kamera-navi-klima-navi-diesel-weiss-cat_ma65gr15222ge293va287mt658tr480782-251857f7-5c8c-45e8-8146-4c91ae8d8ee4
[2026-07-30 16:36] 🟢 Sehr guter Preis: Kia Ceed – 11.990 € · 96100 km · EZ 2020-05 · https://www.autoscout24.de/angebote/kia-ceed-sitzh-kamera-tempo-klimaautom-top-autogas-lpg-rot-cat_ma39gr200738ge962va3510mt2407tr7097-62ff31e4-bfda-4cf4-acab-f19e647cc4eb
[2026-07-30 16:36] 🟢 Sehr guter Preis: Seat Leon – 12.790 € · 74860 km · EZ 2017-06 · https://www.autoscout24.de/angebote/seat-leon-style-1-0-tsi-dsg-led-navi-shz-pdc-v+h-benzin-schwarz-cat_ma64gr15869ge493va3217mt845tr454-ea1a248c-184f-4664-afe7-fab8151316e5
[2026-07-30 16:36] 🟢 Sehr guter Preis: Toyota Auris – 12.860 € · 82047 km · EZ 2017-09 · https://www.autoscout24.de/angebote/toyota-auris-touring-sports-1-2-turbo-executive-led+shz-benzin-grau-cat_ma70gr201446ge1209va3721mt10213tr3449-aa7f6112-4ef2-43d7-9c5f-5cbb83d52f4d
[2026-07-30 16:36] 🟢 Sehr guter Preis: Kia Ceed – 12.959 € · 52124 km · EZ 2021-04 · https://www.autoscout24.de/angebote/kia-ceed-ceed-vision-navi-kamera-carplay-pdc-dab-tempomat-benzin-grau-cat_ma39gr200738ge962va3510mt2407tr8327-476853f5-3bc1-4ecb-a205-e4a00c1caa89
[2026-07-30 16:36] 🟢 Sehr guter Preis: Seat Leon – 13.690 € · 144682 km · EZ 2018-11 · https://www.autoscout24.de/angebote/seat-leon-st-2-0-tsi-dsg-opf-fr-benzin-blau-cat_ma64gr15869ge493va406mt865tr436-282c4b11-0551-4de2-adc2-e7a805633281
[2026-07-30 16:36] 🟢 Sehr guter Preis: Kia Ceed – 13.797 € · 102173 km · EZ 2021-04 · https://www.autoscout24.de/angebote/kia-ceed-ceed-sportswagon-1-5-t-gdi-vision-cam-led-navi-benzin-schwarz-cat_ma39gr200738ge962va1316mt2412tr8327-227f5312-b5eb-479c-86f9-3bf624c8ab2d
[2026-07-30 16:36] 🟢 Sehr guter Preis: Honda Civic – 14.290 € · 121375 km · EZ 2017-06 · https://www.autoscout24.de/angebote/honda-civic-1-5-sport-benzin-rot-cat_ma31gr200622ge1979va3479mt12737tr7208-90887b5d-43ea-47d5-9a4c-7dfdc08ac8b4
[2026-07-30 16:36] 🟢 Sehr guter Preis: Seat Leon – 14.850 € · 85495 km · EZ 2020-02 · https://www.autoscout24.de/angebote/seat-leon-st-style-2-0-tdi-automatik-bluetooth-navi-led-diesel-grau-cat_ma64gr15869ge494va3217mt864tr454-db390190-ff1f-480b-9c57-e3439e69d024
[2026-07-30 16:36] 🟢 Sehr guter Preis: Seat Leon – 14.890 € · 69103 km · EZ 2019-03 · https://www.autoscout24.de/angebote/seat-leon-fr-led-navi-dab-pdc-usb-virt-display-app-an-benzin-schwarz-cat_ma64gr15869ge493va3217mt854tr436-1a9cb18e-d57e-49c0-b772-19fb4eccf61d
[2026-07-30 16:36] 🟢 Guter Preis: Skoda Octavia – 14.950 € · 188505 km · EZ 2018-11 · https://www.autoscout24.de/angebote/skoda-octavia-combi-rs-245-led-dab-kamera-benzin-schwarz-cat_ma65gr15222ge293va291mt659tr480782-bfacf309-1cf6-4207-8f34-a2cf0328a0ae
[2026-07-30 16:36] 🟢 Sehr guter Preis: Kia Ceed – 14.950 € · 31411 km · EZ 2023-07 · https://www.autoscout24.de/angebote/kia-ceed-ceed-sportswagon-rfk-bt-spur-assist-benzin-schwarz-cat_ma39gr200738ge962va1316mt2407tr8327-a5bc9199-02dd-4035-9f93-633a4512147d
[2026-07-30 16:36] 🟢 Sehr guter Preis: Skoda Octavia – 15.000 € · 109000 km · EZ 2018-01 · https://www.autoscout24.de/angebote/skoda-octavia-2-0-tdi-combi-rs-navi-klimaauto-acc-pdc-diesel-grau-cat_ma65gr15222ge293va291mt658tr6510-71a516db-c998-4d4f-8249-32c1d89fb592
[2026-07-30 16:36] 🟢 Sehr guter Preis: Kia Ceed – 15.250 € · 19287 km · EZ 2023-09 · https://www.autoscout24.de/angebote/kia-ceed-ceed-kamera-tempo-klima-benzin-silber-cat_ma39gr200738ge962va1316mt2407tr8327-29ff1d27-4118-431d-8929-bf2aa9cc5a31
[2026-07-30 16:36] 🟢 Sehr guter Preis: Kia Ceed – 15.350 € · 16000 km · EZ 2024-09 · https://www.autoscout24.de/angebote/kia-ceed-ceed-edition-7-1-0-t-gdi-fse-ac-gra-benzin-silber-cat_ma39gr200738ge962va1316mt2407tr8327-ce03e216-1d78-4bc4-ba53-48c9e793a839
[2026-07-30 16:36] 🟢 Guter Preis: Toyota Auris – 15.470 € · 33800 km · EZ 2018-02 · https://www.autoscout24.de/angebote/toyota-auris-1-2-turbo-team-d-+rentnerfahrzeug+shz+kamera+-benzin-grau-cat_ma70gr201446ge1209va3721mt10213tr7781-1a384a64-43ae-499c-b91e-a5bb54ad1e75
[2026-07-30 16:36] 🟢 Sehr guter Preis: Kia Ceed – 15.950 € · 24439 km · EZ 2023-07 · https://www.autoscout24.de/angebote/kia-ceed-ceed-sw-pulse-1-0-navi-dab-pdc-kamera-benzin-schwarz-cat_ma39gr200738ge962va1316mt2407tr1227-c98b3012-d7ec-4215-a85f-59077c767cc6
[2026-07-30 16:36] 🟢 Sehr guter Preis: Honda Civic – 15.980 € · 35400 km · EZ 2020-12 · https://www.autoscout24.de/angebote/honda-civic-1-0-vtec-executive-sport-acc+led+navi+pano-benzin-grau-cat_ma31gr200622ge1979va3479mt12739tr480264-d11cc1fc-bdb5-47a4-8cf4-a272edfdba4d
[2026-07-30 16:36] 🟢 Sehr guter Preis: Seat Leon – 15.990 € · 85503 km · EZ 2020-12 · https://www.autoscout24.de/angebote/seat-leon-1-5-tsi-fr-led-navi-acc-digitales-cockpit-benzin-grau-cat_ma64gr15869ge494va3217mt854tr436-2d76b040-0dd3-4b92-9114-8b38910b0488
[2026-07-30 16:36] 🟢 Sehr guter Preis: Kia Ceed – 16.490 € · 55405 km · EZ 2023-02 · https://www.autoscout24.de/angebote/kia-ceed-ceed-sw-1-6-crdi-vision-navi-8-fach-alu-shz-top-diesel-weiss-cat_ma39gr200738ge962va1316mt2413tr8327-aa946ebf-e419-462d-b8de-e4391fa2af6b
[2026-07-30 16:36] 🟢 Sehr guter Preis: Skoda Octavia – 16.550 € · 65126 km · EZ 2020-02 · https://www.autoscout24.de/angebote/skoda-octavia-1-5-tsi-ambition-navi-parkpilot-kamera-benzin-schwarz-cat_ma65gr15222ge294va289mt646tr1133-511ed57c-5f6e-453f-9eb8-7c56cf30f897
[2026-07-30 16:36] 🟢 Sehr guter Preis: Skoda Octavia – 16.989 € · 79300 km · EZ 2020-07 · https://www.autoscout24.de/angebote/skoda-octavia-sport-edition-klima-navi-mfl-acc-pdc-carplay-spurh-benzin-schwarz-cat_ma65gr15222ge293va287mt646tr7150-0031b65f-9ef6-4916-88e5-13b7ea3ee1f5
[2026-07-30 16:36] 🟢 Guter Preis: Toyota Auris – 17.490 € · 49100 km · EZ 2018-08 · https://www.autoscout24.de/angebote/toyota-auris-1-8-vvt-i-hybrid-automatik-touring-sports-team-deu-elektro-benzin-blau-cat_ma70gr201446ge1209va3721mt3579tr7781-a29bbab7-3bc7-4e49-9699-af64ca776242
[2026-07-30 16:36] 🟢 Sehr guter Preis: Kia Ceed – 17.990 € · 72384 km · EZ 2025-01 · https://www.autoscout24.de/angebote/kia-ceed-ceed-1-5-t-gdi-vision-aut+kamera+acc+navi+shz+lm-benzin-schwarz-cat_ma39gr200738ge962va1316mt2412tr8205-211ae874-a123-4993-985f-ea57b9f2e2bd
[2026-07-30 16:36] 🟢 Sehr guter Preis: Skoda Octavia – 18.380 € · 66430 km · EZ 2020-12 · https://www.autoscout24.de/angebote/skoda-octavia-2-0-tdi-soleil-led-lm-17-navi-pdc-vo+hi-diesel-grau-cat_ma65gr15222ge293va287mt658tr480782-ec5e986d-5ccc-49eb-9b6e-de48a220c02c
[2026-07-30 16:36] 🟢 Sehr guter Preis: Seat Leon – 18.920 € · 40267 km · EZ 2020-06 · https://www.autoscout24.de/angebote/seat-leon-1-5-etsi-act-fr-aut-navi-led-acc-cam-pdc-shz-benzin-grau-cat_ma64gr15869ge494va3217mt852tr436-701e67b0-6864-457c-84ca-5f0a5f49b290
[2026-07-30 16:36] 🟢 Sehr guter Preis: Kia Ceed – 18.990 € · 28200 km · EZ 2021-04 · https://www.autoscout24.de/angebote/kia-ceed-platinum-edition-plug-in-hybrid-elektro-benzin-grau-cat_ma39gr200738ge962va1316mt2416tr5858-c47a9049-381e-47f6-aae1-b6f950d72c7f
[2026-07-30 16:36] 🟢 Guter Preis: Honda Civic – 19.485 € · 67000 km · EZ 2018-10 · https://www.autoscout24.de/angebote/honda-civic-1-5-v-tec-executive-sportpaket-benzin-schwarz-cat_ma31gr200622ge1979va2411mt12737tr3468-4dcaf6f4-7c3f-4612-8894-2c277ebf1740
[2026-07-30 16:36] 🟢 Sehr guter Preis: Hyundai Kona Elektro – 19.990 € · 75900 km · EZ 2019-10 · https://www.autoscout24.de/angebote/hyundai-kona-64kwh-premium-schiebedach-wr-elektro-grau-cat_ma33gr74663ge929va2449mt2284tr6037-dd16a141-a45f-4dfb-9c90-a3b39b33ed43
[2026-07-30 16:36] 🟢 Sehr guter Preis: Kia Ceed – 21.190 € · 17951 km · EZ 2025-06 · https://www.autoscout24.de/angebote/kia-ceed-ceed-1-5-t-gdi-spirit-aut+kamera+acc+shz+lm-benzin-silber-cat_ma39gr200738ge962va1316mt2412tr8205-54274da5-c852-478b-b602-68461f9e0a5e
[2026-07-30 16:36] 🟢 Sehr guter Preis: Kia Ceed – 21.990 € · 48983 km · EZ 2023-09 · https://www.autoscout24.de/angebote/kia-ceed-gt-line-1-6-crdi-dct-panodach-techno-sound-kamera-diesel-schwarz-cat_ma39gr200738ge962va1316mt2413tr4259-950e7b4b-a1af-49c6-9e8a-f8387ff2193f
[2026-07-30 16:36] 🟢 Sehr guter Preis: Honda Civic – 22.760 € · 2900 km · EZ 2020-01 · https://www.autoscout24.de/angebote/honda-civic-5-trg-1-5-sport-plus-navi-led-carplay-benzin-grau-cat_ma31gr200622ge1979va3479mt12737tr480264-b3f35700-3e73-4563-81c9-0cce25650c1b
[2026-07-30 16:36] 🟢 Guter Preis: Kia e-Niro – 24.850 € · 39310 km · EZ 2022-05 · https://www.autoscout24.de/angebote/kia-niro-204-vision-3ph-led-carplay-ahk-klima-navi-elektro-grau-cat_ma39gr200745ge971va3514mt12501tr8334-2d5d2022-b781-4d18-8980-a4246cf08e6b
[2026-07-30 16:36] 🟢 Guter Preis: Honda Civic – 31.900 € · 106105 km · EZ 2021-04 · https://www.autoscout24.de/angebote/honda-civic-civic-2-0-vtec-turbo-type-r-sport-line-carbon-exterieur-paket-facelift-benzin-blau-cat_ma31gr200622ge1979va2415mt12731tr480264-412144ca-7b9a-42fa-90ee-f0170244cf36
[2026-07-30 16:36] 🟢 Guter Preis: Honda Civic – 39.969 € · 31208 km · EZ 2017-10 · https://www.autoscout24.de/angebote/honda-civic-2-0-vtec-type-r-gt-apple-20-tuning-412-ps-benzin-weiss-cat_ma31gr200622ge1979va2415mt12731tr4266-87f32300-96d3-4e6a-a583-430f17b4b814
